[  935881ms] [ERROR] Failed to load resource: net::ERR_CONNECTION_REFUSED @ http://localhost:5555/api/players:0
[  940881ms] [ERROR] Failed to load resource: net::ERR_CONNECTION_REFUSED @ http://localhost:5555/api/players:0
[  945882ms] [ERROR] Failed to load resource: net::ERR_CONNECTION_REFUSED @ http://localhost:5555/api/players:0
[  950881ms] [ERROR] Failed to load resource: net::ERR_CONNECTION_REFUSED @ http://localhost:5555/api/players:0
[  955882ms] [ERROR] Failed to load resource: net::ERR_CONNECTION_REFUSED @ http://localhost:5555/api/players:0
[  960882ms] [ERROR] Failed to load resource: net::ERR_CONNECTION_REFUSED @ http://localhost:5555/api/players:0
[  960882ms] [ERROR] Failed to load resource: net::ERR_CONNECTION_REFUSED @ http://localhost:5555/api/chart/0x44ac72BB161B1f8B2ff294d938C4869D681D258b?tf=1h:0
[  960882ms] TypeError: Failed to fetch
    at loadChart (http://localhost:5555/:334:21)
    at http://localhost:5555/:424:21
[  965881ms] [ERROR] Failed to load resource: net::ERR_CONNECTION_REFUSED @ http://localhost:5555/api/players:0
[  970882ms] [ERROR] Failed to load resource: net::ERR_CONNECTION_REFUSED @ http://localhost:5555/api/players:0
[  975881ms] [ERROR] Failed to load resource: net::ERR_CONNECTION_REFUSED @ http://localhost:5555/api/players:0
[  980881ms] [ERROR] Failed to load resource: net::ERR_CONNECTION_REFUSED @ http://localhost:5555/api/players:0
[  985882ms] [ERROR] Failed to load resource: net::ERR_CONNECTION_REFUSED @ http://localhost:5555/api/players:0
[  990882ms] [ERROR] Failed to load resource: net::ERR_CONNECTION_REFUSED @ http://localhost:5555/api/players:0
[  990882ms] [ERROR] Failed to load resource: net::ERR_CONNECTION_REFUSED @ http://localhost:5555/api/chart/0x44ac72BB161B1f8B2ff294d938C4869D681D258b?tf=1h:0
[  990886ms] TypeError: Failed to fetch
    at loadChart (http://localhost:5555/:334:21)
    at http://localhost:5555/:424:21
[  995882ms] [ERROR] Failed to load resource: net::ERR_CONNECTION_REFUSED @ http://localhost:5555/api/players:0
[ 1000882ms] [ERROR] Failed to load resource: net::ERR_CONNECTION_REFUSED @ http://localhost:5555/api/players:0
[ 1005882ms] [ERROR] Failed to load resource: net::ERR_CONNECTION_REFUSED @ http://localhost:5555/api/players:0
[ 1010881ms] [ERROR] Failed to load resource: net::ERR_CONNECTION_REFUSED @ http://localhost:5555/api/players:0
[ 1015882ms] [ERROR] Failed to load resource: net::ERR_CONNECTION_REFUSED @ http://localhost:5555/api/players:0
[ 1020882ms] [ERROR] Failed to load resource: net::ERR_CONNECTION_REFUSED @ http://localhost:5555/api/players:0
[ 1020882ms] [ERROR] Failed to load resource: net::ERR_CONNECTION_REFUSED @ http://localhost:5555/api/chart/0x44ac72BB161B1f8B2ff294d938C4869D681D258b?tf=1h:0
[ 1020882ms] TypeError: Failed to fetch
    at loadChart (http://localhost:5555/:334:21)
    at http://localhost:5555/:424:21
[ 1025881ms] [ERROR] Failed to load resource: net::ERR_CONNECTION_REFUSED @ http://localhost:5555/api/players:0
[ 1030881ms] [ERROR] Failed to load resource: net::ERR_CONNECTION_REFUSED @ http://localhost:5555/api/players:0
[ 1035881ms] [ERROR] Failed to load resource: net::ERR_CONNECTION_REFUSED @ http://localhost:5555/api/players:0
[ 1040882ms] [ERROR] Failed to load resource: net::ERR_CONNECTION_REFUSED @ http://localhost:5555/api/players:0
[ 1045882ms] [ERROR] Failed to load resource: net::ERR_CONNECTION_REFUSED @ http://localhost:5555/api/players:0
[ 1050882ms] [ERROR] Failed to load resource: net::ERR_CONNECTION_REFUSED @ http://localhost:5555/api/players:0
[ 1050882ms] [ERROR] Failed to load resource: net::ERR_CONNECTION_REFUSED @ http://localhost:5555/api/chart/0x44ac72BB161B1f8B2ff294d938C4869D681D258b?tf=1h:0
[ 1050882ms] TypeError: Failed to fetch
    at loadChart (http://localhost:5555/:334:21)
    at http://localhost:5555/:424:21
[ 1055881ms] [ERROR] Failed to load resource: net::ERR_CONNECTION_REFUSED @ http://localhost:5555/api/players:0
[ 1060881ms] [ERROR] Failed to load resource: net::ERR_CONNECTION_REFUSED @ http://localhost:5555/api/players:0
[ 1065881ms] [ERROR] Failed to load resource: net::ERR_CONNECTION_REFUSED @ http://localhost:5555/api/players:0
[ 1070881ms] [ERROR] Failed to load resource: net::ERR_CONNECTION_REFUSED @ http://localhost:5555/api/players:0
[ 1075882ms] [ERROR] Failed to load resource: net::ERR_CONNECTION_REFUSED @ http://localhost:5555/api/players:0
[ 1080882ms] [ERROR] Failed to load resource: net::ERR_CONNECTION_REFUSED @ http://localhost:5555/api/players:0
[ 1080882ms] [ERROR] Failed to load resource: net::ERR_CONNECTION_REFUSED @ http://localhost:5555/api/chart/0x44ac72BB161B1f8B2ff294d938C4869D681D258b?tf=1h:0
[ 1080882ms] TypeError: Failed to fetch
    at loadChart (http://localhost:5555/:334:21)
    at http://localhost:5555/:424:21
[ 1085882ms] [ERROR] Failed to load resource: net::ERR_CONNECTION_REFUSED @ http://localhost:5555/api/players:0
[ 1090881ms] [ERROR] Failed to load resource: net::ERR_CONNECTION_REFUSED @ http://localhost:5555/api/players:0
[ 1095882ms] [ERROR] Failed to load resource: net::ERR_CONNECTION_REFUSED @ http://localhost:5555/api/players:0
[ 1100882ms] [ERROR] Failed to load resource: net::ERR_CONNECTION_REFUSED @ http://localhost:5555/api/players:0
[ 1105882ms] [ERROR] Failed to load resource: net::ERR_CONNECTION_REFUSED @ http://localhost:5555/api/players:0
[ 1110882ms] [ERROR] Failed to load resource: net::ERR_CONNECTION_REFUSED @ http://localhost:5555/api/players:0
[ 1110882ms] [ERROR] Failed to load resource: net::ERR_CONNECTION_REFUSED @ http://localhost:5555/api/chart/0x44ac72BB161B1f8B2ff294d938C4869D681D258b?tf=1h:0
[ 1110882ms] TypeError: Failed to fetch
    at loadChart (http://localhost:5555/:334:21)
    at http://localhost:5555/:424:21
[ 1115882ms] [ERROR] Failed to load resource: net::ERR_CONNECTION_REFUSED @ http://localhost:5555/api/players:0
[ 1120882ms] [ERROR] Failed to load resource: net::ERR_CONNECTION_REFUSED @ http://localhost:5555/api/players:0
[ 1125881ms] [ERROR] Failed to load resource: net::ERR_CONNECTION_REFUSED @ http://localhost:5555/api/players:0
[ 1130881ms] [ERROR] Failed to load resource: net::ERR_CONNECTION_REFUSED @ http://localhost:5555/api/players:0
[ 1135882ms] [ERROR] Failed to load resource: net::ERR_CONNECTION_REFUSED @ http://localhost:5555/api/players:0
[ 1140882ms] [ERROR] Failed to load resource: net::ERR_CONNECTION_REFUSED @ http://localhost:5555/api/players:0
[ 1140882ms] [ERROR] Failed to load resource: net::ERR_CONNECTION_REFUSED @ http://localhost:5555/api/chart/0x44ac72BB161B1f8B2ff294d938C4869D681D258b?tf=1h:0
[ 1140882ms] TypeError: Failed to fetch
    at loadChart (http://localhost:5555/:334:21)
    at http://localhost:5555/:424:21
[ 1145882ms] [ERROR] Failed to load resource: net::ERR_CONNECTION_REFUSED @ http://localhost:5555/api/players:0
[ 1150881ms] [ERROR] Failed to load resource: net::ERR_CONNECTION_REFUSED @ http://localhost:5555/api/players:0
[ 1155881ms] [ERROR] Failed to load resource: net::ERR_CONNECTION_REFUSED @ http://localhost:5555/api/players:0
[ 1160881ms] [ERROR] Failed to load resource: net::ERR_CONNECTION_REFUSED @ http://localhost:5555/api/players:0
[ 1165881ms] [ERROR] Failed to load resource: net::ERR_CONNECTION_REFUSED @ http://localhost:5555/api/players:0
[ 1170883ms] [ERROR] Failed to load resource: net::ERR_CONNECTION_REFUSED @ http://localhost:5555/api/players:0
[ 1170883ms] [ERROR] Failed to load resource: net::ERR_CONNECTION_REFUSED @ http://localhost:5555/api/chart/0x44ac72BB161B1f8B2ff294d938C4869D681D258b?tf=1h:0
[ 1170883ms] TypeError: Failed to fetch
    at loadChart (http://localhost:5555/:334:21)
    at http://localhost:5555/:424:21
[ 1175881ms] [ERROR] Failed to load resource: net::ERR_CONNECTION_REFUSED @ http://localhost:5555/api/players:0
[ 1180881ms] [ERROR] Failed to load resource: net::ERR_CONNECTION_REFUSED @ http://localhost:5555/api/players:0
[ 1185882ms] [ERROR] Failed to load resource: net::ERR_CONNECTION_REFUSED @ http://localhost:5555/api/players:0
[ 1190882ms] [ERROR] Failed to load resource: net::ERR_CONNECTION_REFUSED @ http://localhost:5555/api/players:0
[ 1195881ms] [ERROR] Failed to load resource: net::ERR_CONNECTION_REFUSED @ http://localhost:5555/api/players:0
[ 1200882ms] [ERROR] Failed to load resource: net::ERR_CONNECTION_REFUSED @ http://localhost:5555/api/players:0
[ 1200882ms] [ERROR] Failed to load resource: net::ERR_CONNECTION_REFUSED @ http://localhost:5555/api/chart/0x44ac72BB161B1f8B2ff294d938C4869D681D258b?tf=1h:0
[ 1200882ms] TypeError: Failed to fetch
    at loadChart (http://localhost:5555/:334:21)
    at http://localhost:5555/:424:21
