[  355023ms] [ERROR] Failed to load resource: net::ERR_CONNECTION_REFUSED @ http://localhost:5555/api/players:0
[  360023ms] [ERROR] Failed to load resource: net::ERR_CONNECTION_REFUSED @ http://localhost:5555/api/players:0
[  360023ms] [ERROR] Failed to load resource: net::ERR_CONNECTION_REFUSED @ http://localhost:5555/api/chart/0x44ac72BB161B1f8B2ff294d938C4869D681D258b?tf=5m:0
[  360024ms] TypeError: Failed to fetch
    at loadChart (http://localhost:5555/:362:21)
    at http://localhost:5555/:535:21
[  365024ms] [ERROR] Failed to load resource: net::ERR_CONNECTION_REFUSED @ http://localhost:5555/api/players:0
[  370023ms] [ERROR] Failed to load resource: net::ERR_CONNECTION_REFUSED @ http://localhost:5555/api/players:0
[  375023ms] [ERROR] Failed to load resource: net::ERR_CONNECTION_REFUSED @ http://localhost:5555/api/players:0
[  380023ms] [ERROR] Failed to load resource: net::ERR_CONNECTION_REFUSED @ http://localhost:5555/api/players:0
[  385023ms] [ERROR] Failed to load resource: net::ERR_CONNECTION_REFUSED @ http://localhost:5555/api/players:0
[  390023ms] [ERROR] Failed to load resource: net::ERR_CONNECTION_REFUSED @ http://localhost:5555/api/players:0
[  390023ms] [ERROR] Failed to load resource: net::ERR_CONNECTION_REFUSED @ http://localhost:5555/api/chart/0x44ac72BB161B1f8B2ff294d938C4869D681D258b?tf=5m:0
[  390023ms] TypeError: Failed to fetch
    at loadChart (http://localhost:5555/:362:21)
    at http://localhost:5555/:535:21
[  395023ms] [ERROR] Failed to load resource: net::ERR_CONNECTION_REFUSED @ http://localhost:5555/api/players:0
[  400023ms] [ERROR] Failed to load resource: net::ERR_CONNECTION_REFUSED @ http://localhost:5555/api/players:0
[  405023ms] [ERROR] Failed to load resource: net::ERR_CONNECTION_REFUSED @ http://localhost:5555/api/players:0
[  410023ms] [ERROR] Failed to load resource: net::ERR_CONNECTION_REFUSED @ http://localhost:5555/api/players:0
[  415023ms] [ERROR] Failed to load resource: net::ERR_CONNECTION_REFUSED @ http://localhost:5555/api/players:0
[  420023ms] [ERROR] Failed to load resource: net::ERR_CONNECTION_REFUSED @ http://localhost:5555/api/players:0
[  420023ms] [ERROR] Failed to load resource: net::ERR_CONNECTION_REFUSED @ http://localhost:5555/api/chart/0x44ac72BB161B1f8B2ff294d938C4869D681D258b?tf=5m:0
[  420023ms] TypeError: Failed to fetch
    at loadChart (http://localhost:5555/:362:21)
    at http://localhost:5555/:535:21
[  425023ms] [ERROR] Failed to load resource: net::ERR_CONNECTION_REFUSED @ http://localhost:5555/api/players:0
[  430023ms] [ERROR] Failed to load resource: net::ERR_CONNECTION_REFUSED @ http://localhost:5555/api/players:0
[  435023ms] [ERROR] Failed to load resource: net::ERR_CONNECTION_REFUSED @ http://localhost:5555/api/players:0
[  440023ms] [ERROR] Failed to load resource: net::ERR_CONNECTION_REFUSED @ http://localhost:5555/api/players:0
[  445023ms] [ERROR] Failed to load resource: net::ERR_CONNECTION_REFUSED @ http://localhost:5555/api/players:0
